[2025-07-03 21:35:52.296] INFO: SOAR app started.
